i didnt set object fit for assassin card

